
> hospital-app@0.1.0 build
> next build

▲ Next.js 16.2.1 (Turbopack)
- Environments: .env

  Creating an optimized production build ...
✓ Compiled successfully in 18.9s
  Skipping validation of types
  Finished TypeScript config validation in 370ms ...
  Collecting page data using 15 workers ...
  Generating static pages using 15 workers (0/31) ...
  Generating static pages using 15 workers (7/31) 
  Generating static pages using 15 workers (15/31) 
  Generating static pages using 15 workers (23/31) 
✓ Generating static pages using 15 workers (31/31) in 3.3s
  Finalizing page optimization ...

Route (app)
┌ ○ /
├ ○ /_not-found
├ ƒ /api/admin/hospitals
├ ƒ /api/admin/hospitals/invite
├ ƒ /api/ai/chat
├ ƒ /api/ai/symptom-checker
├ ƒ /api/ai/translate
├ ƒ /api/auth/[role]/login
├ ƒ /api/auth/[role]/register
├ ƒ /api/auth/forgot-password
├ ƒ /api/auth/logout
├ ƒ /api/auth/me
├ ƒ /api/auth/refresh
├ ƒ /api/auth/reset-password
├ ƒ /api/doctor/dashboard
├ ƒ /api/doctor/patient-records
├ ƒ /api/hospital/dashboard
├ ƒ /api/hospital/doctors
├ ƒ /api/hospital/patient-records
├ ƒ /api/patient/dashboard
├ ○ /dashboard/admin
├ ○ /dashboard/doctor
├ ○ /dashboard/hospital
├ ○ /dashboard/patient
├ ○ /dashboard/patient/appointments
├ ○ /dashboard/patient/insurance
├ ○ /dashboard/patient/loans
├ ○ /forgot-password
├ ○ /login
├ ○ /register
└ ○ /reset-password


ƒ Proxy (Middleware)

○  (Static)   prerendered as static content
ƒ  (Dynamic)  server-rendered on demand

