
> admin-app@0.1.0 build
> next build

▲ Next.js 16.2.1 (Turbopack)
- Environments: .env

  Creating an optimized production build ...
✓ Compiled successfully in 31.7s
  Skipping validation of types
  Finished TypeScript config validation in 506ms ...
  Collecting page data using 15 workers ...
  Generating static pages using 15 workers (0/25) ...
  Generating static pages using 15 workers (6/25) 
  Generating static pages using 15 workers (12/25) 
  Generating static pages using 15 workers (18/25) 
✓ Generating static pages using 15 workers (25/25) in 7.7s
  Finalizing page optimization ...

Route (app)
┌ ○ /
├ ○ /_not-found
├ ƒ /api/admin/hospitals
├ ƒ /api/admin/hospitals/invite
├ ƒ /api/ai/chat
├ ƒ /api/ai/symptom-checker
├ ƒ /api/ai/translate
├ ƒ /api/auth/[role]/login
├ ƒ /api/auth/[role]/register
├ ƒ /api/auth/forgot-password
├ ƒ /api/auth/logout
├ ƒ /api/auth/me
├ ƒ /api/auth/refresh
├ ƒ /api/auth/reset-password
├ ƒ /api/hospital/dashboard
├ ƒ /api/patient/dashboard
├ ○ /dashboard/admin
├ ○ /dashboard/hospital
├ ○ /dashboard/patient
├ ○ /dashboard/patient/appointments
├ ○ /dashboard/patient/insurance
├ ○ /dashboard/patient/loans
├ ○ /forgot-password
├ ○ /login
└ ○ /reset-password


ƒ Proxy (Middleware)

○  (Static)   prerendered as static content
ƒ  (Dynamic)  server-rendered on demand

